[08.04.2026, 12:39:18] 🚀 Сервер запускается...
[08.04.2026, 12:39:18] 🚀 СЕРВЕР ЗАПУЩЕН: https://localhost:3001
[08.04.2026, 12:39:18] 📖 Логи пушей пишутся в: push-debug.log
[08.04.2026, 12:39:23] 🔌 Клиент подключён: aGhwqOZGuoympmVpAAAB
[08.04.2026, 12:39:29] 🚀 Сервер запускается...
[08.04.2026, 12:39:29] 🚀 СЕРВЕР ЗАПУЩЕН: https://localhost:3001
[08.04.2026, 12:39:29] 📖 Логи пушей пишутся в: push-debug.log
[08.04.2026, 12:39:30] 🔌 Клиент подключён: VZS5y1-uZK9OaSUqAAAB
[08.04.2026, 12:39:34] 🔌 Клиент подключён: tSrO9-FVeyR5tz6OAAAD
[08.04.2026, 12:40:12] ⏰ Напоминание запланировано: "13131" через 48 сек
[08.04.2026, 12:40:16] 📡 Начинаю рассылку push: "Новая задача" для 0 устройств
[08.04.2026, 12:41:00] 🔔 СРАБОТАЛО: 13131
[08.04.2026, 12:41:00] 📡 Начинаю рассылку push: "!!! Напоминание" для 0 устройств
[08.04.2026, 12:42:54] 🔌 Клиент отключён: VZS5y1-uZK9OaSUqAAAB
[08.04.2026, 12:49:59] 🚀 Сервер запускается в режиме HTTP (без сертификатов)...
[08.04.2026, 12:49:59] 🚀 СЕРВЕР ЗАПУЩЕН (HTTP): http://localhost:3001
[08.04.2026, 12:49:59] 📖 Теперь всё должно работать без настройки сертификатов!
[08.04.2026, 12:50:08] 🔌 Клиент подключён (HTTP): 76ZISbMN367B8gIuAAAB
[08.04.2026, 12:50:19] 📤 Клиент отписался.
[08.04.2026, 12:50:21] 📥 Новая подписка добавлена.
[08.04.2026, 12:50:49] ⏰ Напоминание запланировано: "133" через 10 сек
[08.04.2026, 12:51:00] 🔔 СРАБОТАЛО: 133
[08.04.2026, 12:51:00] 📡 Начинаю рассылку push: "!!! Напоминание" для 1 устройств
[08.04.2026, 12:51:00]    ✅ [0] Успешно отправлено на https://fcm.googleapis.com/fcm/send/cE-0...
[08.04.2026, 13:05:40] 🚀 Сервер запускается в режиме HTTP (без сертификатов)...
[08.04.2026, 13:05:40] ✅ Загружено подписок из файла: 1
[08.04.2026, 13:05:40] 🚀 СЕРВЕР ЗАПУЩЕН (HTTP): http://localhost:3001
[08.04.2026, 13:05:40] 📖 Код соответствует требованиям ПЗ №17!
[08.04.2026, 13:05:42] 🔌 Клиент подключён (HTTP): nulwV3plBXh3RbhfAAAB
[08.04.2026, 13:05:45] 🔌 Клиент подключён (HTTP): BG1kMrLzfnNpuxndAAAD
[08.04.2026, 13:06:03] 🔌 Клиент отключён: nulwV3plBXh3RbhfAAAB
[08.04.2026, 13:06:04] 🔌 Клиент отключён: BG1kMrLzfnNpuxndAAAD
[08.04.2026, 13:07:24] 🔌 Клиент подключён (HTTP): 9Z679mcD6XWcfxftAAAF
[08.04.2026, 13:07:56] ⏰ Напоминание запланировано: "ДА" через 3 сек
[08.04.2026, 13:08:00] 🔔 СРАБОТАЛО: ДА
[08.04.2026, 13:08:00] 📡 Начинаю рассылку push: "!!! Напоминание" для 1 устройств
[08.04.2026, 13:08:00]    ❌ [0] ОШИБКА отправки: Код 410
[08.04.2026, 13:08:00]      (Удаляю невалидную подписку)
[08.04.2026, 13:08:00] 🧹 Удалено устаревших подписок: 1
[08.04.2026, 13:08:27] 📥 Новая подписка добавлена.
[08.04.2026, 13:08:42] ⏰ Напоминание запланировано: "13313" через 17 сек
[08.04.2026, 13:09:00] 🔔 СРАБОТАЛО: 13313
[08.04.2026, 13:09:00] 📡 Начинаю рассылку push: "!!! Напоминание" для 1 устройств
[08.04.2026, 13:09:00]    ✅ [0] Успешно отправлено на https://fcm.googleapis.com/fcm/send/cxnC...
[08.04.2026, 13:09:29] ⏰ Напоминание запланировано: "1313" через 31 сек
[08.04.2026, 13:10:00] 🔔 СРАБОТАЛО: 1313
[08.04.2026, 13:10:00] 📡 Начинаю рассылку push: "!!! Напоминание" для 1 устройств
[08.04.2026, 13:10:00]    ✅ [0] Успешно отправлено на https://fcm.googleapis.com/fcm/send/cxnC...
[08.04.2026, 13:10:25] 🔌 Клиент подключён (HTTP): Jvmg5jgoUehC6GR_AAAH
[08.04.2026, 13:10:47] 🔌 Клиент подключён (HTTP): u7KMDC-3R6fylTVdAAAJ
[08.04.2026, 13:12:13] 🔌 Клиент отключён: u7KMDC-3R6fylTVdAAAJ
[08.04.2026, 13:12:13] 🔌 Клиент подключён (HTTP): KfEtK1ezcfQZ8HhCAAAL
[08.04.2026, 13:17:57] ⏰ Напоминание запланировано: "4444" через 3 сек
[08.04.2026, 13:18:00] 🔔 СРАБОТАЛО: 4444
[08.04.2026, 13:18:00] 📡 Начинаю рассылку push: "!!! Напоминание" для 1 устройств
[08.04.2026, 13:18:00]    ✅ [0] Успешно отправлено на https://fcm.googleapis.com/fcm/send/cxnC...
[08.04.2026, 13:18:04] ⏰ Запрос на SNOOZE (Отложить) для ID: 1775654277205
[08.04.2026, 13:18:04] ⏳ Напоминание "4444" отложено на 5 минут.
[08.04.2026, 13:18:11] 🔌 Клиент отключён: Jvmg5jgoUehC6GR_AAAH
[08.04.2026, 13:18:11] 🔌 Клиент подключён (HTTP): IuOsDo2dLUuFk3YDAAAN
[08.04.2026, 13:21:40] 🔌 Клиент отключён: KfEtK1ezcfQZ8HhCAAAL
[08.04.2026, 13:21:41] 🔌 Клиент отключён: 9Z679mcD6XWcfxftAAAF
[08.04.2026, 13:21:47] 🔌 Клиент отключён: IuOsDo2dLUuFk3YDAAAN
[08.04.2026, 13:27:55] 🔔 ПОВТОРНО СРАБОТАЛО: 4444
[08.04.2026, 13:27:55] 📡 Начинаю рассылку push: "⏰ Отложенное напоминание" для 1 устройств
[08.04.2026, 13:27:55]    ❌ [0] ОШИБКА отправки: Код undefined
[08.04.2026, 13:27:56] 🔌 Клиент подключён (HTTP): EhrK1-4AMqhKFfKJAAAP
[08.04.2026, 13:29:17] 🔌 Клиент отключён: EhrK1-4AMqhKFfKJAAAP
[08.04.2026, 16:42:23] 🚀 Сервер запускается в режиме HTTP (без сертификатов)...
[08.04.2026, 16:42:23] ✅ Загружено подписок из файла: 1
[08.04.2026, 16:42:23] 🚀 СЕРВЕР ЗАПУЩЕН (HTTP): http://localhost:3001
[08.04.2026, 16:42:23] 📖 Код соответствует требованиям ПЗ №17!
[08.04.2026, 16:42:31] 🔌 Клиент подключён (HTTP): cfgO9qBvS_seZcEGAAAB
[08.04.2026, 16:43:46] ⏰ Напоминание запланировано: "31313" через 13 сек
[08.04.2026, 16:44:00] 🔔 СРАБОТАЛО: 31313
[08.04.2026, 16:44:00] 📡 Начинаю рассылку push: "!!! Напоминание" для 1 устройств
[08.04.2026, 16:44:00]    ✅ [0] Успешно отправлено на https://fcm.googleapis.com/fcm/send/cxnC...
[08.04.2026, 16:44:03] ⏰ Запрос на SNOOZE (Отложить) для ID: 1775666626527
[08.04.2026, 16:44:03] ⏳ Напоминание "31313" отложено на 5 минут.
[08.04.2026, 16:49:02] 🚀 Сервер запускается в режиме HTTPS...
[08.04.2026, 16:49:02] ✅ Загружено подписок из файла: 1
[08.04.2026, 16:49:02] 🚀 СЕРВЕР ЗАПУЩЕН (HTTPS): https://localhost:3001
[08.04.2026, 16:49:02] 📖 Код соответствует требованиям ПЗ №17 (с HTTPS)!
[08.04.2026, 16:49:12] 🔌 Клиент подключён (HTTPS): 6U3Ltp6hNn_QjsvMAAAB
[08.04.2026, 16:49:57] 🔌 Клиент отключён: 6U3Ltp6hNn_QjsvMAAAB
[08.04.2026, 16:50:40] 🔌 Клиент подключён (HTTPS): uG22grq5f9GId2abAAAD
[08.04.2026, 17:00:44] 🔌 Клиент отключён: uG22grq5f9GId2abAAAD
[08.04.2026, 17:00:46] 🔌 Клиент подключён (HTTPS): DrvcyWWN3PxAZB6lAAAF
[08.04.2026, 17:00:52] 🔌 Клиент отключён: DrvcyWWN3PxAZB6lAAAF
[08.04.2026, 17:00:53] 🔌 Клиент подключён (HTTPS): oXNpZFot9ZGOeiXvAAAH
[08.04.2026, 17:01:09] 🔌 Клиент отключён: oXNpZFot9ZGOeiXvAAAH
[08.04.2026, 17:01:11] 🔌 Клиент подключён (HTTPS): b6v_fCNepz2KSCFuAAAJ
[08.04.2026, 17:01:13] 🔌 Клиент отключён: b6v_fCNepz2KSCFuAAAJ
[08.04.2026, 17:04:17] 🚀 Сервер запускается в режиме HTTPS...
[08.04.2026, 17:04:17] ✅ Загружено подписок из файла: 1
[08.04.2026, 17:04:17] 🚀 СЕРВЕР ЗАПУЩЕН (HTTPS): https://localhost:3001
[08.04.2026, 17:04:17] 📖 Код соответствует требованиям ПЗ №17 (с HTTPS)!
[08.04.2026, 17:04:30] 🔌 Клиент подключён (HTTPS): XLpibEoY8EMQIx_eAAAB
[08.04.2026, 17:07:21] 🔌 Клиент отключён: XLpibEoY8EMQIx_eAAAB
[08.04.2026, 17:07:22] 🔌 Клиент подключён (HTTPS): Y3pCaKU36EPFhXAWAAAD
[08.04.2026, 17:07:39] 🔌 Клиент отключён: Y3pCaKU36EPFhXAWAAAD
[08.04.2026, 17:07:40] 🔌 Клиент подключён (HTTPS): zv1QNmhMw3nflHv3AAAF
[08.04.2026, 17:08:04] 📡 Начинаю рассылку push: "Новая задача" для 1 устройств
[08.04.2026, 17:08:04]    ✅ [0] Успешно отправлено на https://fcm.googleapis.com/fcm/send/cxnC...
[08.04.2026, 17:08:36] 📡 Начинаю рассылку push: "Новая задача" для 1 устройств
[08.04.2026, 17:08:36]    ✅ [0] Успешно отправлено на https://fcm.googleapis.com/fcm/send/cxnC...
[08.04.2026, 17:09:08] ⏰ Напоминание запланировано: "уйуйу" через 52 сек
[08.04.2026, 17:10:00] 🔔 СРАБОТАЛО: уйуйу
[08.04.2026, 17:10:00] 📡 Начинаю рассылку push: "!!! Напоминание" для 1 устройств
[08.04.2026, 17:10:00]    ✅ [0] Успешно отправлено на https://fcm.googleapis.com/fcm/send/cxnC...
